// Jest Snapshot v1, https://goo.gl/fbAQLP

exports[`PendingIcon should match snapshot 1`] = `
<View
  style={
    {
      "marginRight": 3,
    }
  }
>
  <View
    style={
      {
        "backgroundColor": "white",
        "borderRadius": 10,
      }
    }
  />
</View>
`;

exports[`PendingIcon should render with custom color 1`] = `
<View
  style={
    {
      "marginRight": 3,
    }
  }
>
  <View
    style={
      {
        "backgroundColor": "white",
        "borderRadius": 10,
      }
    }
  />
</View>
`;
